Run Stats for experiment at: 06-02-2018 22:01:45
3188.0
3117.0
3046.0
2904.0
2975.0
3116.0
3079.0
2863.0
3159.0
3044.0
3162.0
2987.0
3039.0
2891.0
3008.0
3290.0
3121.0
3069.0
3036.0
2893.0
2638.0
3044.0
3012.0
3083.0
3184.0
3072.0
3295.0
3089.0
3032.0
3164.0
3320.0
3279.0
3140.0
3040.0
3198.0
3056.0
3095.0
2966.0
3065.0
3137.0
3048.0
3028.0
2996.0
2904.0
2999.0
2966.0
3107.0
3012.0
3213.0
2913.0
3055.0
2864.0
3244.0
3125.0
2923.0
3280.0
3055.0
3169.0
3113.0
3091.0
2882.0
3068.0
3096.0
3227.0
3099.0
3087.0
3093.0
2914.0
2916.0
3100.0
3108.0
3127.0
2759.0
3006.0
3067.0
3037.0
2945.0
2916.0
3035.0
3127.0
3057.0
3118.0
2999.0
2682.0
3019.0
3056.0
3056.0
3223.0
2949.0
3158.0
3048.0
2935.0
3005.0
3064.0
3046.0
3140.0
3004.0
3000.0
3007.0
2982.0
