Run Stats for experiment at: 06-03-2018 17:37:35
2976.0
3022.0
3245.0
3053.0
3018.0
2854.0
3050.0
3047.0
3279.0
3106.0
3141.0
3129.0
2866.0
2995.0
2952.0
3021.0
3101.0
3069.0
2983.0
2852.0
3056.0
3082.0
2914.0
3050.0
3138.0
2966.0
3014.0
2951.0
3176.0
3053.0
3131.0
3022.0
3047.0
3176.0
3028.0
3057.0
3080.0
3030.0
2942.0
3077.0
3100.0
2927.0
3067.0
3245.0
3270.0
2769.0
3080.0
2979.0
3203.0
3050.0
2956.0
3011.0
3108.0
3157.0
3055.0
3001.0
3036.0
2902.0
2511.0
3072.0
3102.0
2933.0
3027.0
2889.0
2776.0
2977.0
3175.0
3070.0
3092.0
3087.0
3077.0
3013.0
3150.0
2922.0
2985.0
3180.0
3117.0
3174.0
2658.0
3014.0
2991.0
3031.0
3028.0
2983.0
3087.0
2817.0
2964.0
2928.0
3042.0
3244.0
3079.0
3295.0
3125.0
2906.0
3039.0
3104.0
2985.0
2932.0
3087.0
3118.0
