Run Stats for experiment at: 06-03-2018 19:21:39
3258.0
2707.0
3095.0
3164.0
3136.0
3026.0
2893.0
2983.0
2979.0
2663.0
2867.0
2857.0
3028.0
3045.0
2969.0
3020.0
3066.0
2990.0
3144.0
3028.0
2792.0
3033.0
2932.0
2909.0
2965.0
3057.0
3002.0
3213.0
3068.0
3054.0
2984.0
2937.0
2906.0
2858.0
3201.0
3035.0
3221.0
2896.0
3036.0
3110.0
2461.0
3059.0
2944.0
3171.0
2894.0
3179.0
3089.0
3027.0
2945.0
2901.0
3116.0
3155.0
2847.0
3037.0
2932.0
3003.0
3050.0
3048.0
3218.0
3012.0
2933.0
3001.0
3108.0
2996.0
3082.0
3101.0
3233.0
3047.0
2930.0
3083.0
3156.0
3112.0
3062.0
3098.0
3071.0
3014.0
3149.0
3025.0
3107.0
3116.0
2873.0
3097.0
2906.0
3157.0
2979.0
2948.0
2776.0
3144.0
2974.0
3135.0
2977.0
3097.0
2935.0
2898.0
2959.0
3042.0
3092.0
2914.0
2970.0
2911.0
3100.0
3017.0
3171.0
3134.0
3131.0
2949.0
